
> arifac-platform@0.1.0 build
> next build

Γû▓ Next.js 16.1.6 (Turbopack)
- Environments: .env.local, .env

node.exe : ΓÜá The 
"middleware" file 
convention is deprecated. 
Please use "proxy" 
instead. Learn more: https:
//nextjs.org/docs/messages/
middleware-to-proxy
At line:1 char:1
+ & "C:\Program 
Files\nodejs/node.exe" 
"C:\Program 
Files\nodejs/node_mo ...
+ ~~~~~~~~~~~~~~~~~~~~~~~~~
~~~~~~~~~~~~~~~~~~~~~~~~~~~
~~~~~~~~~~~~~~~~~
    + CategoryInfo         
     : NotSpecified: (ΓÜá  
   The "middle...leware-   
 to-proxy:String) [], R    
emoteException
    + FullyQualifiedErrorI 
   d : NativeCommandError
 
  Creating an optimized production build ...

> Build error occurred
Error: Turbopack build 
failed with 4 errors:
./src/app/lms/dashboard/pag
e.tsx:10:1
Export getPaidCourses 
doesn't exist in target 
module
[0m [90m  8 |[39m 
[36mimport[39m 
[33mLogo[39m[33m,[39m 
{ [33mLogoMark[39m } 
[36mfrom[39m [32m'@/comp
onents/Logo'[39m[33m;[39
m
 [90m  9 |[39m 
[36mimport[39m { 
lmsCourseData[33m,[39m [
33mModule[39m[33m,[39m 
[33mLesson[39m } 
[36mfrom[39m [32m'@/data
/lms'[39m[33m;[39m
[31m[1m>[22m[39m[90m 
10 |[39m [36mimport[39m 
{ getUser[33m,[39m 
logout[33m,[39m 
isLoggedIn[33m,[39m 
getPaidCourses[33m,[39m 
hasPaidForCourse } 
[36mfrom[39m [32m'@/lib/
auth'[39m[33m;[39m 
[36mimport[39m { certific
ationLevels[33m,[39m [33
mCertificationLevel[39m } 
[36mfrom[39m [32m'@/data
/arifac'[39m[33m;[39m
 [90m    |[39m [31m[1m^
[22m[39m[31m[1m^[22m[
39m[31m[1m^[22m[39m[31
m[1m^[22m[39m[31m[1m^
[22m[39m[31m[1m^[22m[3
9m[31m[1m^[22m[39m[31m
[1m^[22m[39m[31m[1m^[
22m[39m[31m[1m^[22m[39
m[31m[1m^[22m[39m[31m
[1m^[22m[39m[31m[1m^[2
2m[39m[31m[1m^[22m[39m
[31m[1m^[22m[39m[31m[
1m^[22m[39m[31m[1m^[22
m[39m[31m[1m^[22m[39m
[31m[1m^[22m[39m[31m[1
m^[22m[39m[31m[1m^[22m
[39m[31m[1m^[22m[39m[
31m[1m^[22m[39m[31m[1m
^[22m[39m[31m[1m^[22m
[39m[31m[1m^[22m[39m[3
1m[1m^[22m[39m[31m[1m^
[22m[39m[31m[1m^[22m[
39m[31m[1m^[22m[39m[31
m[1m^[22m[39m[31m[1m^
[22m[39m[31m[1m^[22m[3
9m[31m[1m^[22m[39m[31m
[1m^[22m[39m[31m[1m^[
22m[39m[31m[1m^[22m[39
m[31m[1m^[22m[39m[31m
[1m^[22m[39m[31m[1m^[2
2m[39m[31m[1m^[22m[39m
[31m[1m^[22m[39m[31m[
1m^[22m[39m[31m[1m^[22
m[39m[31m[1m^[22m[39m
[31m[1m^[22m[39m[31m[1
m^[22m[39m[31m[1m^[22m
[39m[31m[1m^[22m[39m[
31m[1m^[22m[39m[31m[1m
^[22m[39m[31m[1m^[22m
[39m[31m[1m^[22m[39m[3
1m[1m^[22m[39m[31m[1m^
[22m[39m[31m[1m^[22m[
39m[31m[1m^[22m[39m[31
m[1m^[22m[39m[31m[1m^
[22m[39m[31m[1m^[22m[3
9m[31m[1m^[22m[39m[31m
[1m^[22m[39m[31m[1m^[
22m[39m[31m[1m^[22m[39
m[31m[1m^[22m[39m[31m
[1m^[22m[39m[31m[1m^[2
2m[39m[31m[1m^[22m[39m
[31m[1m^[22m[39m[31m[
1m^[22m[39m[31m[1m^[22
m[39m[31m[1m^[22m[39m
[31m[1m^[22m[39m[31m[1
m^[22m[39m[31m[1m^[22m
[39m[31m[1m^[22m[39m[
31m[1m^[22m[39m[31m[1m
^[22m[39m[31m[1m^[22m
[39m[31m[1m^[22m[39m[3
1m[1m^[22m[39m[31m[1m^
[22m[39m[31m[1m^[22m[
39m[31m[1m^[22m[39m[31
m[1m^[22m[39m[31m[1m^
[22m[39m[31m[1m^[22m[3
9m[31m[1m^[22m[39m[31m
[1m^[22m[39m[31m[1m^[
22m[39m[31m[1m^[22m[39
m
 [90m 11 |[39m 
[36mimport[39m 
[33mSyllabusModal[39m 
[36mfrom[39m [32m'@/comp
onents/SyllabusModal'[39m
[33m;[39m
 [90m 12 |[39m
 [90m 13 |[39m 
[36mexport[39m 
[36mdefault[39m 
[36mfunction[39m 
[33mLMSDashboard[39m() 
{[0m

The export getPaidCourses 
was not found in module 
[project]/src/lib/auth.ts 
[app-client] (ecmascript).
Did you mean to import 
getUser?
All exports of the module 
are statically known (It 
doesn't have dynamic 
exports). So it's known 
statically that the 
requested export doesn't 
exist.

Import traces:
  Client Component Browser:
    ./src/app/lms/dashboard
/page.tsx [Client 
Component Browser]
    ./src/app/lms/dashboard
/page.tsx [Server 
Component]

  Client Component SSR:
    ./src/app/lms/dashboard
/page.tsx [Client 
Component SSR]
    ./src/app/lms/dashboard
/page.tsx [Server 
Component]


./src/app/lms/dashboard/pag
e.tsx:10:1
Export getPaidCourses 
doesn't exist in target 
module
[0m [90m  8 |[39m 
[36mimport[39m 
[33mLogo[39m[33m,[39m 
{ [33mLogoMark[39m } 
[36mfrom[39m [32m'@/comp
onents/Logo'[39m[33m;[39
m
 [90m  9 |[39m 
[36mimport[39m { 
lmsCourseData[33m,[39m [
33mModule[39m[33m,[39m 
[33mLesson[39m } 
[36mfrom[39m [32m'@/data
/lms'[39m[33m;[39m
[31m[1m>[22m[39m[90m 
10 |[39m [36mimport[39m 
{ getUser[33m,[39m 
logout[33m,[39m 
isLoggedIn[33m,[39m 
getPaidCourses[33m,[39m 
hasPaidForCourse } 
[36mfrom[39m [32m'@/lib/
auth'[39m[33m;[39m 
[36mimport[39m { certific
ationLevels[33m,[39m [33
mCertificationLevel[39m } 
[36mfrom[39m [32m'@/data
/arifac'[39m[33m;[39m
 [90m    |[39m [31m[1m^
[22m[39m[31m[1m^[22m[
39m[31m[1m^[22m[39m[31
m[1m^[22m[39m[31m[1m^
[22m[39m[31m[1m^[22m[3
9m[31m[1m^[22m[39m[31m
[1m^[22m[39m[31m[1m^[
22m[39m[31m[1m^[22m[39
m[31m[1m^[22m[39m[31m
[1m^[22m[39m[31m[1m^[2
2m[39m[31m[1m^[22m[39m
[31m[1m^[22m[39m[31m[
1m^[22m[39m[31m[1m^[22
m[39m[31m[1m^[22m[39m
[31m[1m^[22m[39m[31m[1
m^[22m[39m[31m[1m^[22m
[39m[31m[1m^[22m[39m[
31m[1m^[22m[39m[31m[1m
^[22m[39m[31m[1m^[22m
[39m[31m[1m^[22m[39m[3
1m[1m^[22m[39m[31m[1m^
[22m[39m[31m[1m^[22m[
39m[31m[1m^[22m[39m[31
m[1m^[22m[39m[31m[1m^
[22m[39m[31m[1m^[22m[3
9m[31m[1m^[22m[39m[31m
[1m^[22m[39m[31m[1m^[
22m[39m[31m[1m^[22m[39
m[31m[1m^[22m[39m[31m
[1m^[22m[39m[31m[1m^[2
2m[39m[31m[1m^[22m[39m
[31m[1m^[22m[39m[31m[
1m^[22m[39m[31m[1m^[22
m[39m[31m[1m^[22m[39m
[31m[1m^[22m[39m[31m[1
m^[22m[39m[31m[1m^[22m
[39m[31m[1m^[22m[39m[
31m[1m^[22m[39m[31m[1m
^[22m[39m[31m[1m^[22m
[39m[31m[1m^[22m[39m[3
1m[1m^[22m[39m[31m[1m^
[22m[39m[31m[1m^[22m[
39m[31m[1m^[22m[39m[31
m[1m^[22m[39m[31m[1m^
[22m[39m[31m[1m^[22m[3
9m[31m[1m^[22m[39m[31m
[1m^[22m[39m[31m[1m^[
22m[39m[31m[1m^[22m[39
m[31m[1m^[22m[39m[31m
[1m^[22m[39m[31m[1m^[2
2m[39m[31m[1m^[22m[39m
[31m[1m^[22m[39m[31m[
1m^[22m[39m[31m[1m^[22
m[39m[31m[1m^[22m[39m
[31m[1m^[22m[39m[31m[1
m^[22m[39m[31m[1m^[22m
[39m[31m[1m^[22m[39m[
31m[1m^[22m[39m[31m[1m
^[22m[39m[31m[1m^[22m
[39m[31m[1m^[22m[39m[3
1m[1m^[22m[39m[31m[1m^
[22m[39m[31m[1m^[22m[
39m[31m[1m^[22m[39m[31
m[1m^[22m[39m[31m[1m^
[22m[39m[31m[1m^[22m[3
9m[31m[1m^[22m[39m[31m
[1m^[22m[39m[31m[1m^[
22m[39m[31m[1m^[22m[39
m
 [90m 11 |[39m 
[36mimport[39m 
[33mSyllabusModal[39m 
[36mfrom[39m [32m'@/comp
onents/SyllabusModal'[39m
[33m;[39m
 [90m 12 |[39m
 [90m 13 |[39m 
[36mexport[39m 
[36mdefault[39m 
[36mfunction[39m 
[33mLMSDashboard[39m() 
{[0m

The export getPaidCourses 
was not found in module 
[project]/src/lib/auth.ts 
[app-ssr] (ecmascript).
Did you mean to import 
getUser?
All exports of the module 
are statically known (It 
doesn't have dynamic 
exports). So it's known 
statically that the 
requested export doesn't 
exist.

Import traces:
  Client Component Browser:
    ./src/app/lms/dashboard
/page.tsx [Client 
Component Browser]
    ./src/app/lms/dashboard
/page.tsx [Server 
Component]

  Client Component SSR:
    ./src/app/lms/dashboard
/page.tsx [Client 
Component SSR]
    ./src/app/lms/dashboard
/page.tsx [Server 
Component]


./src/app/payment/page.tsx:
11:1
Export markCourseAsPaid 
doesn't exist in target 
module
[0m [90m  9 |[39m 
[36mimport[39m { 
[33mLogoMark[39m } 
[36mfrom[39m [32m'@/comp
onents/Logo'[39m[33m;[39
m
 [90m 10 |[39m 
[36mimport[39m { 
certificationLevels } 
[36mfrom[39m [32m'@/data
/arifac'[39m[33m;[39m
[31m[1m>[22m[39m[90m 
11 |[39m [36mimport[39m 
{ markCourseAsPaid } 
[36mfrom[39m [32m'@/lib/
auth'[39m[33m;[39m
 [90m    |[39m [31m[1m^
[22m[39m[31m[1m^[22m[
39m[31m[1m^[22m[39m[31
m[1m^[22m[39m[31m[1m^
[22m[39m[31m[1m^[22m[3
9m[31m[1m^[22m[39m[31m
[1m^[22m[39m[31m[1m^[
22m[39m[31m[1m^[22m[39
m[31m[1m^[22m[39m[31m
[1m^[22m[39m[31m[1m^[2
2m[39m[31m[1m^[22m[39m
[31m[1m^[22m[39m[31m[
1m^[22m[39m[31m[1m^[22
m[39m[31m[1m^[22m[39m
[31m[1m^[22m[39m[31m[1
m^[22m[39m[31m[1m^[22m
[39m[31m[1m^[22m[39m[
31m[1m^[22m[39m[31m[1m
^[22m[39m[31m[1m^[22m
[39m[31m[1m^[22m[39m[3
1m[1m^[22m[39m[31m[1m^
[22m[39m[31m[1m^[22m[
39m[31m[1m^[22m[39m[31
m[1m^[22m[39m[31m[1m^
[22m[39m[31m[1m^[22m[3
9m[31m[1m^[22m[39m[31m
[1m^[22m[39m[31m[1m^[
22m[39m[31m[1m^[22m[39
m[31m[1m^[22m[39m[31m
[1m^[22m[39m[31m[1m^[2
2m[39m[31m[1m^[22m[39m
[31m[1m^[22m[39m[31m[
1m^[22m[39m[31m[1m^[22
m[39m[31m[1m^[22m[39m
[31m[1m^[22m[39m
 [90m 12 |[39m
 [90m 13 |[39m 
[36mfunction[39m 
[33mPaymentContent[39m() 
{
 [90m 14 |[39m     
[36mconst[39m router 
[33m=[39m 
useRouter()[33m;[39m[0m

The export 
markCourseAsPaid was not 
found in module 
[project]/src/lib/auth.ts 
[app-client] (ecmascript).
Did you mean to import 
logout?
All exports of the module 
are statically known (It 
doesn't have dynamic 
exports). So it's known 
statically that the 
requested export doesn't 
exist.

Import traces:
  Client Component Browser:
    
./src/app/payment/page.tsx 
[Client Component Browser]
    
./src/app/payment/page.tsx 
[Server Component]

  Client Component SSR:
    
./src/app/payment/page.tsx 
[Client Component SSR]
    
./src/app/payment/page.tsx 
[Server Component]


./src/app/payment/page.tsx:
11:1
Export markCourseAsPaid 
doesn't exist in target 
module
[0m [90m  9 |[39m 
[36mimport[39m { 
[33mLogoMark[39m } 
[36mfrom[39m [32m'@/comp
onents/Logo'[39m[33m;[39
m
 [90m 10 |[39m 
[36mimport[39m { 
certificationLevels } 
[36mfrom[39m [32m'@/data
/arifac'[39m[33m;[39m
[31m[1m>[22m[39m[90m 
11 |[39m [36mimport[39m 
{ markCourseAsPaid } 
[36mfrom[39m [32m'@/lib/
auth'[39m[33m;[39m
 [90m    |[39m [31m[1m^
[22m[39m[31m[1m^[22m[
39m[31m[1m^[22m[39m[31
m[1m^[22m[39m[31m[1m^
[22m[39m[31m[1m^[22m[3
9m[31m[1m^[22m[39m[31m
[1m^[22m[39m[31m[1m^[
22m[39m[31m[1m^[22m[39
m[31m[1m^[22m[39m[31m
[1m^[22m[39m[31m[1m^[2
2m[39m[31m[1m^[22m[39m
[31m[1m^[22m[39m[31m[
1m^[22m[39m[31m[1m^[22
m[39m[31m[1m^[22m[39m
[31m[1m^[22m[39m[31m[1
m^[22m[39m[31m[1m^[22m
[39m[31m[1m^[22m[39m[
31m[1m^[22m[39m[31m[1m
^[22m[39m[31m[1m^[22m
[39m[31m[1m^[22m[39m[3
1m[1m^[22m[39m[31m[1m^
[22m[39m[31m[1m^[22m[
39m[31m[1m^[22m[39m[31
m[1m^[22m[39m[31m[1m^
[22m[39m[31m[1m^[22m[3
9m[31m[1m^[22m[39m[31m
[1m^[22m[39m[31m[1m^[
22m[39m[31m[1m^[22m[39
m[31m[1m^[22m[39m[31m
[1m^[22m[39m[31m[1m^[2
2m[39m[31m[1m^[22m[39m
[31m[1m^[22m[39m[31m[
1m^[22m[39m[31m[1m^[22
m[39m[31m[1m^[22m[39m
[31m[1m^[22m[39m
 [90m 12 |[39m
 [90m 13 |[39m 
[36mfunction[39m 
[33mPaymentContent[39m() 
{
 [90m 14 |[39m     
[36mconst[39m router 
[33m=[39m 
useRouter()[33m;[39m[0m

The export 
markCourseAsPaid was not 
found in module 
[project]/src/lib/auth.ts 
[app-ssr] (ecmascript).
Did you mean to import 
logout?
All exports of the module 
are statically known (It 
doesn't have dynamic 
exports). So it's known 
statically that the 
requested export doesn't 
exist.

Import traces:
  Client Component Browser:
    
./src/app/payment/page.tsx 
[Client Component Browser]
    
./src/app/payment/page.tsx 
[Server Component]

  Client Component SSR:
    
./src/app/payment/page.tsx 
[Client Component SSR]
    
./src/app/payment/page.tsx 
[Server Component]


    at <unknown> (./src/app
/lms/dashboard/page.tsx:10:
1)
    at <unknown> (./src/app
/lms/dashboard/page.tsx:10:
1)
    at <unknown> (./src/app
/payment/page.tsx:11:1)
    at <unknown> (./src/app
/payment/page.tsx:11:1)
